../Core/Src/main.c:92:5:main	16	static
../Core/Src/main.c:144:6:SystemClock_Config	88	static
../Core/Src/main.c:191:13:MX_GPIO_Init	40	static
../Core/Src/main.c:232:6:inicio	8	static
../Core/Src/main.c:240:6:apagarTodos	4	static
../Core/Src/main.c:244:6:encenderTodos	4	static
../Core/Src/main.c:248:6:apagar	16	static
../Core/Src/main.c:260:6:encender	16	static
../Core/Src/main.c:272:11:avanzar	24	static
../Core/Src/main.c:279:6:filtrar	16	static
../Core/Src/main.c:289:6:HAL_GPIO_EXTI_Callback	16	static
../Core/Src/main.c:302:6:Error_Handler	4	static,ignoring_inline_asm
